Test Case '-[ShoppingTests.SystemActionUITests testHomeScreenAddOpensCatalogAddWithoutChangingList]' started.
    t =     0.00s Start Test at 2026-10-09 15:39:31.060
    t =     0.02s Set Up
    t =     0.02s Open com.mggarofalo.shopping
    t =     0.03s     Launch com.mggarofalo.shopping
    t =     0.24s         Setting up automation session
    t =     1.09s         Wait for com.mggarofalo.shopping to idle
    t =     3.19s Checking existence of `"Groceries" NavigationBar`
    t =     3.38s Tap "Recently cleared" Button
    t =     3.38s     Wait for com.mggarofalo.shopping to idle
    t =     3.38s     Find the "Recently cleared" Button
    t =     3.44s     Check for interrupting elements affecting "Recently cleared" Button
    t =     3.49s     Synthesize event
    t =     3.79s     Wait for com.mggarofalo.shopping to idle
    t =     4.63s Checking existence of `"Recently cleared" NavigationBar`
    t =     4.67s Pressing Home button
    t =     5.14s Waiting 5.0s for "Milk & Bananas" Icon to exist
    t =     6.20s     Checking `Expect predicate `existsNoRetry == 1` for object "Milk & Bananas" Icon`
    t =     6.20s         Checking existence of `"Milk & Bananas" Icon`
    t =     6.33s Press "Milk & Bananas" Icon for 1.2 seconds
    t =     6.33s     Wait for com.apple.springboard to idle
    t =     6.33s     Find the "Milk & Bananas" Icon
    t =     6.36s     Check for interrupting elements affecting "Milk & Bananas" Icon
    t =     6.41s     Synthesize event
    t =     7.84s     Wait for com.apple.springboard to idle
    t =    67.87s App animations complete notification not received, will attempt to continue.
    t =    67.87s Waiting 5.0s for "Add item" Button to exist
    t =    68.89s     Checking `Expect predicate `existsNoRetry == 1` for object "Add item" Button`
    t =    68.90s         Checking existence of `"Add item" Button`
    t =    68.98s Ignoring failure to get hierarchy for remote element in process 2573 (Error getting main window kAXErrorServerNotFound)
    t =    68.99s Ignoring failure to get hierarchy for remote element in process 2573 (Error getting main window kAXErrorServerNotFound)
    t =    68.99s Find the Application 'com.apple.springboard'
    t =    69.02s Ignoring failure to get hierarchy for remote element in process 2573 (Error getting main window kAXErrorServerNotFound)
    t =    69.02s Ignoring failure to get hierarchy for remote element in process 2573 (Error getting main window kAXErrorServerNotFound)
    t =    69.18s Added attachment named 'Three Home Screen actions'
    t =    69.18s Tap "Add item" Button
    t =    69.18s     Wait for com.apple.springboard to idle
    t =   129.21s App animations complete notification not received, will attempt to continue.
    t =   129.21s     Find the "Add item" Button
    t =   129.25s Ignoring failure to get hierarchy for remote element in process 2573 (Error getting main window kAXErrorServerNotFound)
    t =   129.25s Ignoring failure to get hierarchy for remote element in process 2573 (Error getting main window kAXErrorServerNotFound)
    t =   129.26s     Check for interrupting elements affecting "com.mggarofalo.shopping.add" Button
    t =   129.30s Ignoring failure to get hierarchy for remote element in process 2573 (Error getting main window kAXErrorServerNotFound)
    t =   129.30s Ignoring failure to get hierarchy for remote element in process 2573 (Error getting main window kAXErrorServerNotFound)
    t =   129.31s     Synthesize event
    t =   129.61s     Wait for com.apple.springboard to idle
    t =   130.16s Checking existence of `"Add to Groceries" NavigationBar`
    t =   130.32s Checking existence of `"Search catalog" SearchField`
    t =   130.51s Tap "Cancel" Button
    t =   130.51s     Wait for com.mggarofalo.shopping to idle
    t =   131.25s     Find the "Cancel" Button
    t =   131.35s     Check for interrupting elements affecting "Cancel" Button
    t =   131.45s     Synthesize event
    t =   131.74s     Wait for com.mggarofalo.shopping to idle
    t =   132.20s Checking existence of `"Groceries" NavigationBar`
    t =   132.25s Tear Down
    t =   132.25s     Terminate com.mggarofalo.shopping:2544
Test Case '-[ShoppingTests.SystemActionUITests testHomeScreenAddOpensCatalogAddWithoutChangingList]' passed (133.430 seconds).
